Microchip MPLAB XC8 Compiler V3.00

Linker command line:

-W-3 \
  --edf=C:/Program Files/Microchip/MPLABX/v6.25/packs/Microchip/PIC18Fxxxx_DFP/1.7.171/xc8\pic\dat\20250117225543_en.msgs \
  -cn -h+dist/default/production\A1_GPIO.X.production.sym \
  --cmf=dist/default/production\A1_GPIO.X.production.cmf -z -Q18F4620 \
  -oC:\Users\ADMINI~1\AppData\Local\Temp\xcAsb2o.\driver_tmp_3.o \
  --defsym=__MPLAB_BUILD=1 --fixupoverflow=error \
  -Mdist/default/production/A1_GPIO.X.production.map \
  --md=C:\Users\ADMINI~1\AppData\Local\Temp\xcAsb2o.\driver_tmp_0.dat -E1 \
  -ver=XC8 Compiler -ACODE=00h-0FFFFh -ACONST=00h-0FFFFh \
  -ASMALLCONST=01000h-010FFhx240 -AMEDIUMCONST=01000h-0FFFFh \
  -ACOMRAM=01h-07Fh -AABS1=00h-0F7Fh -ABIGRAM=01h-0F7Fh \
  -ARAM=080h-0FFh,0100h-01FFhx14,0F00h-0F7Fh -ABANK0=080h-0FFh \
  -ABANK1=0100h-01FFh -ABANK2=0200h-02FFh -ABANK3=0300h-03FFh \
  -ABANK4=0400h-04FFh -ABANK5=0500h-05FFh -ABANK6=0600h-06FFh \
  -ABANK7=0700h-07FFh -ABANK8=0800h-08FFh -ABANK9=0900h-09FFh \
  -ABANK10=0A00h-0AFFh -ABANK11=0B00h-0BFFh -ABANK12=0C00h-0CFFh \
  -ABANK13=0D00h-0DFFh -ABANK14=0E00h-0EFFh -ABANK15=0F00h-0F7Fh \
  -ASFR=0F80h-0FFFh -ABIGSFR=0F80h-0FFFh -ACONFIG=0300000h-030000Dh \
  -AIDLOC=0200000h-0200007h -AEEDATA=0F00000h-0F003FFh -peeprom_data=EEDATA \
  -preset_vec=00h,intcode=8h,intcodelo=18h,sivt_lo,sivt_hi=CODE \
  -ppowerup=CODE,init -pramtop=01000h -psmallconst=SMALLCONST \
  -pmediumconst=MEDIUMCONST -pconst=CONST -AFARRAM=00h-00h \
  -prdata=COMRAM,nvrram=COMRAM,nvbit=COMRAM,rbss=COMRAM,rbit=COMRAM \
  -pfarbss=FARRAM,fardata=FARRAM,nvFARRAM=FARRAM \
  -pintsave_regs=BIGRAM,bigbss=BIGRAM,bigdata=BIGRAM -pbss=RAM \
  -pidata=CODE,irdata=CODE,ibigdata=CODE,ifardata=CODE -prparam=COMRAM \
  C:\Users\ADMINI~1\AppData\Local\Temp\xcAsb2o.\driver_tmp_9.o \
  dist/default/production\A1_GPIO.X.production.o 

Object code version is 3.11

Machine type is 18F4620



                Name                               Link     Load   Length Selector   Space Scale
C:\Users\ADMINI~1\AppData\Local\Temp\xcAsb2o.\driver_tmp_9.o
                config                           300000   300000        E        0       4
                init                               FFFC     FFFC        4     7FFE       0
                reset_vec                             0        0        4        0       0
dist/default/production\A1_GPIO.X.production.o
                config                           300000   300000        E        0       4
                smallconst                         1000     1000        2      800       0
                text13                             1002     1002      110      801       0
                text12                             1766     1766       24      801       0
                text11                             1112     1112      106      801       0
                text10                             164A     164A       54      801       0
                text9                              143C     143C       6E      801       0
                text8                              173C     173C       2A      801       0
                text7                              13B2     13B2       8A      801       0
                text6                              1304     1304       AE      801       0
                text5                              1514     1514       6A      801       0
                text4                              14AA     14AA       6A      801       0
                text3                              169E     169E       3E      801       0
                text2                              15E4     15E4       66      801       0
                text1                              157E     157E       66      801       0
                text0                              1218     1218       EC      801       0
                cstackCOMRAM                         2B       2B       14        1       1
                dataCOMRAM                            1        1       2A        1       1
                bssCOMRAM                            3F       3F        9        1       1
                cinit                              16DC     16DC       36      801       0
                nvCOMRAM                             48       48        1        1       1
                idataCOMRAM                        1712     1712       2A      801       0

TOTAL           Name                               Link     Load   Length     Space
        CLASS   CODE           
                init                               FFFC     FFFC        4         0
                reset_vec                             0        0        4         0
                text13                             1002     1002      110         0
                text12                             1766     1766       24         0
                text11                             1112     1112      106         0
                text10                             164A     164A       54         0
                text9                              143C     143C       6E         0
                text8                              173C     173C       2A         0
                text7                              13B2     13B2       8A         0
                text6                              1304     1304       AE         0
                text5                              1514     1514       6A         0
                text4                              14AA     14AA       6A         0
                text3                              169E     169E       3E         0
                text2                              15E4     15E4       66         0
                text1                              157E     157E       66         0
                text0                              1218     1218       EC         0
                cinit                              16DC     16DC       36         0
                idataCOMRAM                        1712     1712       2A         0

        CLASS   CONST          

        CLASS   SMALLCONST     
                smallconst                         1000     1000        2         0

        CLASS   MEDIUMCONST    

        CLASS   COMRAM         
                cstackCOMRAM                         2B       2B       14         1
                dataCOMRAM                            1        1       2A         1
                bssCOMRAM                            3F       3F        9         1
                nvCOMRAM                             48       48        1         1

        CLASS   ABS1           

        CLASS   BIGRAM         

        CLASS   RAM            

        CLASS   BANK0          

        CLASS   BANK1          

        CLASS   BANK2          

        CLASS   BANK3          

        CLASS   BANK4          

        CLASS   BANK5          

        CLASS   BANK6          

        CLASS   BANK7          

        CLASS   BANK8          

        CLASS   BANK9          

        CLASS   BANK10         

        CLASS   BANK11         

        CLASS   BANK12         

        CLASS   BANK13         

        CLASS   BANK14         

        CLASS   BANK15         

        CLASS   SFR            

        CLASS   BIGSFR         

        CLASS   CONFIG         
                config                           300000   300000        E         4

        CLASS   IDLOC          

        CLASS   EEDATA         

        CLASS   FARRAM         

        CLASS   HEAP           

        CLASS   STACK          



SEGMENTS        Name                           Load    Length   Top    Selector   Space  Class

                reset_vec                      000000  000004  000004         0       0  CODE    
                dataCOMRAM                     000001  000048  000049         1       1  COMRAM  
                smallconst                     001000  000002  001002       800       0  SMALLCON
                text13                         001002  000788  00178A       801       0  CODE    
                init                           00FFFC  000004  010000      7FFE       0  CODE    


UNUSED ADDRESS RANGES

        Name                Unused          Largest block    Delta
        BANK0            000080-0000FF               80
        BANK1            000100-0001FF              100
        BANK10           000A00-000AFF              100
        BANK11           000B00-000BFF              100
        BANK12           000C00-000CFF              100
        BANK13           000D00-000DFF              100
        BANK14           000E00-000EFF              100
        BANK15           000F00-000F7F               80
        BANK2            000200-0002FF              100
        BANK3            000300-0003FF              100
        BANK4            000400-0004FF              100
        BANK5            000500-0005FF              100
        BANK6            000600-0006FF              100
        BANK7            000700-0007FF              100
        BANK8            000800-0008FF              100
        BANK9            000900-0009FF              100
        BIGRAM           000049-000F7F              F37
        BIGSFR           000F80-000FFF               80
        CODE             000004-000FFF              FFC
                         00178A-00FFFB             E872
        COMRAM           000049-00007F               37
        CONST            000004-000FFF              FFC
                         00178A-00FFFB             E872
        EEDATA           F00000-F003FF              400
        IDLOC            200000-200007                8
        MEDIUMCONST      00178A-00FFFB             E872
        RAM              000080-000F7F              100
        SFR              000F80-000FFF               80
        SMALLCONST       00178A-00FFFB              100

                                  Symbol Table

_LATA                               (abs)        000F89
_LATB                               (abs)        000F8A
_LATC                               (abs)        000F8B
_LATD                               (abs)        000F8C
_LATE                               (abs)        000F8D
_PORTA                              (abs)        000F80
_PORTB                              (abs)        000F81
_PORTC                              (abs)        000F82
_PORTD                              (abs)        000F83
_PORTE                              (abs)        000F84
_ProgramSelected                    bssCOMRAM    00003F
_TRISA                              (abs)        000F92
_TRISB                              (abs)        000F93
_TRISC                              (abs)        000F94
_TRISD                              (abs)        000F95
_TRISE                              (abs)        000F96
__HRAM                              (abs)        000000
__H__absolute__                     __absolute__ 000000
__Habs1                             abs1         000000
__Hbank0                            bank0        000000
__Hbank1                            bank1        000000
__Hbank10                           bank10       000000
__Hbank11                           bank11       000000
__Hbank12                           bank12       000000
__Hbank13                           bank13       000000
__Hbank14                           bank14       000000
__Hbank15                           bank15       000000
__Hbank2                            bank2        000000
__Hbank3                            bank3        000000
__Hbank4                            bank4        000000
__Hbank5                            bank5        000000
__Hbank6                            bank6        000000
__Hbank7                            bank7        000000
__Hbank8                            bank8        000000
__Hbank9                            bank9        000000
__Hbigbss                           bigbss       000000
__Hbigdata                          bigdata      000000
__Hbigram                           bigram       000000
__Hbigsfr                           bigsfr       000000
__Hbss                              bss          000000
__HbssCOMRAM                        bssCOMRAM    000000
__Hcinit                            cinit        000000
__Hclrtext                          clrtext      000000
__Hcomram                           comram       000000
__Hconfig                           config       30000E
__Hconst                            const        000000
__HcstackCOMRAM                     cstackCOMRAM 000000
__Hdata                             data         000000
__HdataCOMRAM                       dataCOMRAM   000000
__Heeprom_data                      eeprom_data  000000
__Hfarbss                           farbss       000000
__Hfardata                          fardata      000000
__Hheap                             heap         000000
__Hibigdata                         ibigdata     000000
__Hidata                            idata        000000
__HidataCOMRAM                      idataCOMRAM  000000
__Hidloc                            idloc        000000
__Hifardata                         ifardata     000000
__Hinit                             init         010000
__Hintcode                          intcode      000008
__Hintcode_body                     intcode_body 000000
__Hintcodelo                        intcodelo    000018
__Hintentry                         intentry     000000
__Hintret                           intret       000000
__Hintsave_regs                     intsave_regs 000000
__Hirdata                           irdata       000000
__Hmediumconst                      mediumconst  000000
__HnvCOMRAM                         nvCOMRAM     000000
__HnvFARRAM                         nvFARRAM     000000
__Hnvbit                            nvbit        000000
__Hnvrram                           nvrram       000000
__Hparam                            rparam       000000
__Hpowerup                          powerup      000000
__Hram                              ram          000000
__Hramtop                           ramtop       001000
__Hrbit                             rbit         000000
__Hrbss                             rbss         000000
__Hrdata                            rdata        000000
__Hreset_vec                        reset_vec    000004
__Hrparam                           rparam       000000
__Hsfr                              sfr          000000
__Hsivt_hi                          sivt_hi      000000
__Hsivt_lo                          sivt_lo      000018
__Hsmallconst                       smallconst   001002
__Hspace_0                          (abs)        010000
__Hspace_1                          (abs)        000049
__Hspace_2                          (abs)        000000
__Hspace_4                          (abs)        60000E
__Hstack                            stack        000000
__Hstruct                           struct       000000
__Htemp                             temp         000000
__Htext                             text         000000
__Htext0                            text0        000000
__Htext1                            text1        000000
__Htext10                           text10       000000
__Htext11                           text11       000000
__Htext12                           text12       000000
__Htext13                           text13       000000
__Htext2                            text2        000000
__Htext3                            text3        000000
__Htext4                            text4        000000
__Htext5                            text5        000000
__Htext6                            text6        000000
__Htext7                            text7        000000
__Htext8                            text8        000000
__Htext9                            text9        000000
__LRAM                              (abs)        000001
__L__absolute__                     __absolute__ 000000
__Labs1                             abs1         000000
__Lbank0                            bank0        000000
__Lbank1                            bank1        000000
__Lbank10                           bank10       000000
__Lbank11                           bank11       000000
__Lbank12                           bank12       000000
__Lbank13                           bank13       000000
__Lbank14                           bank14       000000
__Lbank15                           bank15       000000
__Lbank2                            bank2        000000
__Lbank3                            bank3        000000
__Lbank4                            bank4        000000
__Lbank5                            bank5        000000
__Lbank6                            bank6        000000
__Lbank7                            bank7        000000
__Lbank8                            bank8        000000
__Lbank9                            bank9        000000
__Lbigbss                           bigbss       000000
__Lbigdata                          bigdata      000000
__Lbigram                           bigram       000000
__Lbigsfr                           bigsfr       000000
__Lbss                              bss          000000
__LbssCOMRAM                        bssCOMRAM    000000
__Lcinit                            cinit        000000
__Lclrtext                          clrtext      000000
__Lcomram                           comram       000000
__Lconfig                           config       000000
__Lconst                            const        000000
__LcstackCOMRAM                     cstackCOMRAM 000000
__Ldata                             data         000000
__LdataCOMRAM                       dataCOMRAM   000000
__Leeprom_data                      eeprom_data  000000
__Lfarbss                           farbss       000000
__Lfardata                          fardata      000000
__Lheap                             heap         000000
__Libigdata                         ibigdata     000000
__Lidata                            idata        000000
__LidataCOMRAM                      idataCOMRAM  000000
__Lidloc                            idloc        000000
__Lifardata                         ifardata     000000
__Linit                             init         00FFFC
__Lintcode                          intcode      000008
__Lintcode_body                     intcode_body 000000
__Lintcodelo                        intcodelo    000018
__Lintentry                         intentry     000000
__Lintret                           intret       000000
__Lintsave_regs                     intsave_regs 000000
__Lirdata                           irdata       000000
__Lmediumconst                      mediumconst  000000
__LnvCOMRAM                         nvCOMRAM     000000
__LnvFARRAM                         nvFARRAM     000000
__Lnvbit                            nvbit        000000
__Lnvrram                           nvrram       000000
__Lparam                            rparam       000000
__Lpowerup                          powerup      000000
__Lram                              ram          000000
__Lramtop                           ramtop       001000
__Lrbit                             rbit         000000
__Lrbss                             rbss         000000
__Lrdata                            rdata        000000
__Lreset_vec                        reset_vec    000000
__Lrparam                           rparam       000000
__Lsfr                              sfr          000000
__Lsivt_hi                          sivt_hi      000000
__Lsivt_lo                          sivt_lo      000018
__Lsmallconst                       smallconst   001000
__Lspace_0                          (abs)        000000
__Lspace_1                          (abs)        000000
__Lspace_2                          (abs)        000000
__Lspace_4                          (abs)        000000
__Lstack                            stack        000000
__Lstruct                           struct       000000
__Ltemp                             temp         000000
__Ltext                             text         000000
__Ltext0                            text0        000000
__Ltext1                            text1        000000
__Ltext10                           text10       000000
__Ltext11                           text11       000000
__Ltext12                           text12       000000
__Ltext13                           text13       000000
__Ltext2                            text2        000000
__Ltext3                            text3        000000
__Ltext4                            text4        000000
__Ltext5                            text5        000000
__Ltext6                            text6        000000
__Ltext7                            text7        000000
__Ltext8                            text8        000000
__Ltext9                            text9        000000
__S0                                (abs)        010000
__S1                                (abs)        000049
__S4                                (abs)        000000
__S5                                (abs)        000000
___heap_hi                          (abs)        000000
___heap_lo                          (abs)        000000
___inthi_sp                         stack        000000
___inthi_stack_hi                   stack        000000
___inthi_stack_lo                   stack        000000
___intlo_sp                         stack        000000
___intlo_stack_hi                   stack        000000
___intlo_stack_lo                   stack        000000
___param_bank                       (abs)        000000
___rparam_used                      (abs)        000001
___sp                               stack        000000
___stack_hi                         stack        000000
___stack_lo                         stack        000000
__accesstop                         (abs)        000080
__activetblptr                      (abs)        000002
__end_of__initialization            cinit        001708
__end_of_application_init           text8        001766
__end_of_button_init                text12       00178A
__end_of_button_read_state          text6        0013B2
__end_of_gpio_pin_direction_init    text13       001112
__end_of_gpio_pin_init              text10       00169E
__end_of_gpio_pin_read_logic        text7        00143C
__end_of_gpio_pin_write_logic       text11       001218
__end_of_led_init                   text9        0014AA
__end_of_led_off                    text5        00157E
__end_of_led_on                     text4        001514
__end_of_main                       text0        001304
__end_of_program1                   text3        0016DC
__end_of_program2                   text2        00164A
__end_of_program3                   text1        0015E4
__initialization                    cinit        0016DC
__mediumconst                       smallconst   001000
__pbssCOMRAM                        bssCOMRAM    00003F
__pcinit                            cinit        0016DC
__pcstackCOMRAM                     cstackCOMRAM 00002B
__pdataCOMRAM                       dataCOMRAM   000001
__pidataCOMRAM                      idataCOMRAM  001712
__pnvCOMRAM                         nvCOMRAM     000048
__psmallconst                       smallconst   001000
__ptext0                            text0        001218
__ptext1                            text1        00157E
__ptext10                           text10       00164A
__ptext11                           text11       001112
__ptext12                           text12       001766
__ptext13                           text13       001002
__ptext2                            text2        0015E4
__ptext3                            text3        00169E
__ptext4                            text4        0014AA
__ptext5                            text5        001514
__ptext6                            text6        001304
__ptext7                            text7        0013B2
__ptext8                            text8        00173C
__ptext9                            text9        00143C
__ramtop                            ramtop       001000
__smallconst                        smallconst   001000
_application_init                   text8        00173C
_btn_high                           dataCOMRAM   000025
_btn_high_last_valid_status         dataCOMRAM   00001F
_btn_high_status                    dataCOMRAM   000028
_btn_high_valid                     bssCOMRAM    000041
_btn_high_valid_status              dataCOMRAM   000020
_btn_low                            dataCOMRAM   000022
_btn_low_status                     dataCOMRAM   000021
_button_init                        text12       001766
_button_read_state                  text6        001304
_gpio_pin_direction_init            text13       001002
_gpio_pin_init                      text10       00164A
_gpio_pin_read_logic                text7        0013B2
_gpio_pin_write_logic               text11       001112
_lat_registers                      dataCOMRAM   00000B
_led1                               dataCOMRAM   00002A
_led1_status                        bssCOMRAM    000043
_led2                               dataCOMRAM   000029
_led_init                           text9        00143C
_led_off                            text5        001514
_led_on                             text4        0014AA
_main                               text0        001218
_port_registers                     dataCOMRAM   000001
_program1                           text3        00169E
_program2                           text2        0015E4
_program3                           text1        00157E
_ret                                nvCOMRAM     000048
_tris_registers                     dataCOMRAM   000015
button_init@btn                     cstackCOMRAM 000032
button_init@ret                     cstackCOMRAM 000033
button_read_state@btn               cstackCOMRAM 000031
button_read_state@btn_state         cstackCOMRAM 000032
button_read_state@pin_logic_status  cstackCOMRAM 000035
button_read_state@ret               cstackCOMRAM 000034
end_of_initialization               cinit        001708
gpio_pin_direction_init@_pin_config cstackCOMRAM 00002B
gpio_pin_direction_init@ret         cstackCOMRAM 000031
gpio_pin_init@_pin_config           cstackCOMRAM 000032
gpio_pin_read_logic@_pin_config     cstackCOMRAM 00002B
gpio_pin_read_logic@logic           cstackCOMRAM 00002C
gpio_pin_write_logic@_pin_config    cstackCOMRAM 00002B
gpio_pin_write_logic@logic          cstackCOMRAM 00002C
intlevel0                           text         000000
intlevel1                           text         000000
intlevel2                           text         000000
intlevel3                           text         000000
isa$std                             (abs)        000001
isa$xinst                           (abs)        000000
led_init@F3012                      bssCOMRAM    000047
led_init@led                        cstackCOMRAM 000034
led_init@pin_obj                    cstackCOMRAM 000037
led_init@ret                        cstackCOMRAM 000036
led_off@F3022                       bssCOMRAM    000045
led_off@led                         cstackCOMRAM 000032
led_off@pin_obj                     cstackCOMRAM 000034
led_on@F3017                        bssCOMRAM    000046
led_on@led                          cstackCOMRAM 000032
led_on@pin_obj                      cstackCOMRAM 000034
led_toggle@F3027                    bssCOMRAM    000044
program2@i                          cstackCOMRAM 000037
program3@i                          cstackCOMRAM 000037
stackhi                             (abs)        000000
stacklo                             (abs)        000000
start                               init         00FFFC
start_initialization                cinit        0016DC


MODULE INFORMATION

Module		Function		Class		Link	Load	Size
ECU_Layer/button/ecu_button.c
		_button_read_state		CODE           	1304	0000	174
		_button_init   		CODE           	1766	0000	36

ECU_Layer/button/ecu_button.c estimated size: 210

shared
		__initialization		CODE           	16DC	0000	44

shared estimated size: 44

MCAL_Layer/GPIO/hal_gpio.c
		_gpio_pin_write_logic		CODE           	1112	0000	262
		_gpio_pin_direction_init		CODE           	1002	0000	272
		_gpio_pin_read_logic		CODE           	13B2	0000	138
		_gpio_pin_init 		CODE           	164A	0000	84

MCAL_Layer/GPIO/hal_gpio.c estimated size: 756

ECU_Layer/LED/ecu_led.c
		_led_init      		CODE           	143C	0000	110
		_led_off       		CODE           	1514	0000	106
		_led_on        		CODE           	14AA	0000	106

ECU_Layer/LED/ecu_led.c estimated size: 322

application.c
		_main          		CODE           	1218	0000	236
		_program1      		CODE           	169E	0000	62
		_program2      		CODE           	15E4	0000	102
		_program3      		CODE           	157E	0000	102
		_application_init		CODE           	173C	0000	42

application.c estimated size: 544

